// Jest Snapshot v1, https://goo.gl/fbAQLP

exports[`QuestionComponent should render successfuly 1`] = `
Object {
  "asFragment": [Function],
  "baseElement": <body>
    <div>
      <div
        class="question question--disabled"
      >
        <h1>
          Question 1
        </h1>
        <div
          class="answers__wrapper"
        >
          <li
            class="answers__item answers__item--active"
            data-testid="questionComponent-answer1"
          >
            1
             - 
            Answer 1
          </li>
          <li
            class="answers__item"
            data-testid="questionComponent-answer2"
          >
            2
             - 
            Answer 2
          </li>
        </div>
      </div>
    </div>
  </body>,
  "container": <div>
    <div
      class="question question--disabled"
    >
      <h1>
        Question 1
      </h1>
      <div
        class="answers__wrapper"
      >
        <li
          class="answers__item answers__item--active"
          data-testid="questionComponent-answer1"
        >
          1
           - 
          Answer 1
        </li>
        <li
          class="answers__item"
          data-testid="questionComponent-answer2"
        >
          2
           - 
          Answer 2
        </li>
      </div>
    </div>
  </div>,
  "debug": [Function],
  "findAllByAltText": [Function],
  "findAllByDisplayValue": [Function],
  "findAllByLabelText": [Function],
  "findAllByPlaceholderText": [Function],
  "findAllByRole": [Function],
  "findAllByTestId": [Function],
  "findAllByText": [Function],
  "findAllByTitle": [Function],
  "findByAltText": [Function],
  "findByDisplayValue": [Function],
  "findByLabelText": [Function],
  "findByPlaceholderText": [Function],
  "findByRole": [Function],
  "findByTestId": [Function],
  "findByText": [Function],
  "findByTitle": [Function],
  "getAllByAltText": [Function],
  "getAllByDisplayValue": [Function],
  "getAllByLabelText": [Function],
  "getAllByPlaceholderText": [Function],
  "getAllByRole": [Function],
  "getAllByTestId": [Function],
  "getAllByText": [Function],
  "getAllByTitle": [Function],
  "getByAltText": [Function],
  "getByDisplayValue": [Function],
  "getByLabelText": [Function],
  "getByPlaceholderText": [Function],
  "getByRole": [Function],
  "getByTestId": [Function],
  "getByText": [Function],
  "getByTitle": [Function],
  "queryAllByAltText": [Function],
  "queryAllByDisplayValue": [Function],
  "queryAllByLabelText": [Function],
  "queryAllByPlaceholderText": [Function],
  "queryAllByRole": [Function],
  "queryAllByTestId": [Function],
  "queryAllByText": [Function],
  "queryAllByTitle": [Function],
  "queryByAltText": [Function],
  "queryByDisplayValue": [Function],
  "queryByLabelText": [Function],
  "queryByPlaceholderText": [Function],
  "queryByRole": [Function],
  "queryByTestId": [Function],
  "queryByText": [Function],
  "queryByTitle": [Function],
  "rerender": [Function],
  "unmount": [Function],
}
`;
